Archive member included to satisfy reference by file (symbol)

/courses/TDDI11/sw/lib/elf/libepc.a(init-cpu.o)
                              (start)
/courses/TDDI11/sw/lib/elf/libepc.a(init-idt.o)
                              /courses/TDDI11/sw/lib/elf/libepc.a(init-cpu.o) (Init_IDT)
/courses/TDDI11/sw/lib/elf/libepc.a(init-crt.o)
                              /courses/TDDI11/sw/lib/elf/libepc.a(init-cpu.o) (Init_CRT)
/courses/TDDI11/sw/lib/elf/libepc.a(display.o)
                              main.o (SetCursorPosition)
/courses/TDDI11/sw/lib/elf/libepc.a(init8259.o)
                              /courses/TDDI11/sw/lib/elf/libepc.a(init-cpu.o) (Init8259)
/courses/TDDI11/sw/lib/elf/libepc.a(init8253.o)
                              /courses/TDDI11/sw/lib/elf/libepc.a(init-cpu.o) (Init8253)
/courses/TDDI11/sw/lib/elf/libepc.a(cycles.o)
                              main.o (CPU_Clock_Cycles)
/courses/TDDI11/sw/lib/elf/libepc.a(checkcpu.o)
                              /courses/TDDI11/sw/lib/elf/libepc.a(init-cpu.o) (Check_CPU)
/courses/TDDI11/sw/lib/elf/libepc.a(io.o)
                              /courses/TDDI11/sw/lib/elf/libepc.a(init-idt.o) (ISR_PIC1)
/courses/TDDI11/sw/lib/elf/libepc.a(keyboard.o)
                              /courses/TDDI11/sw/lib/elf/libepc.a(io.o) (Enqueue)
/courses/TDDI11/sw/i386-elf-gcc-7.3.0/lib/gcc/i386-elf/7.3.0/libgcc.a(_udivdi3.o)
                              main.o (__udivdi3)

Discarded input sections

 .eh_frame      0x0000000000000000       0xa4 main.o
 .eh_frame      0x0000000000000000       0x84 /courses/TDDI11/sw/i386-elf-gcc-7.3.0/lib/gcc/i386-elf/7.3.0/libgcc.a(_udivdi3.o)

Memory Configuration

Name             Origin             Length             Attributes
conventional     0x0000000000000000 0x00000000000a0000
reserved         0x00000000000a0000 0x0000000000060000
extended         0x0000000000100000 0x00000000fff00000
*default*        0x0000000000000000 0xffffffffffffffff

Linker script and memory map

LOAD main.o
LOAD llmultiply.o
LOAD /courses/TDDI11/sw/lib/elf/libepc.a
LOAD /courses/TDDI11/sw/lib/elf/djgpp/libc.a
LOAD /courses/TDDI11/sw/i386-elf-gcc-7.3.0/lib/gcc/i386-elf/7.3.0/libgcc.a

.text           0x0000000000000000     0x1bcb
                0x0000000000000000                text_frst = .
 *(.start)
 .start         0x0000000000000000        0x8 /courses/TDDI11/sw/lib/elf/libepc.a(init-cpu.o)
                0x0000000000000000                start
 *(.init)
 *(.text)
 .text          0x0000000000000008      0x40c main.o
                0x0000000000000008                c_llmultiply
                0x00000000000001eb                PutUnsignedLongLong
                0x0000000000000227                main
 *fill*         0x0000000000000414        0xc 
 .text          0x0000000000000420       0x61 llmultiply.o
                0x0000000000000420                llmultiply
 *fill*         0x0000000000000481        0x3 
 .text          0x0000000000000484       0x50 /courses/TDDI11/sw/lib/elf/libepc.a(init-cpu.o)
                0x0000000000000484                Init_CPU
 .text          0x00000000000004d4      0x5a0 /courses/TDDI11/sw/lib/elf/libepc.a(init-idt.o)
                0x00000000000008e4                IRQ2INT
                0x00000000000008f8                _GetISR
                0x000000000000093c                SetISR
                0x0000000000000974                Init_IDT
 .text          0x0000000000000a74      0x110 /courses/TDDI11/sw/lib/elf/libepc.a(init-crt.o)
                0x0000000000000a74                Init_CRT
                0x0000000000000aa8                _LastMemoryAddress
 .text          0x0000000000000b84      0x6e0 /courses/TDDI11/sw/lib/elf/libepc.a(display.o)
                0x0000000000000b84                SetCursorVisible
                0x0000000000000c08                _GetCursorRow
                0x0000000000000c1c                _GetCursorCol
                0x0000000000000c30                SetCursorPosition
                0x0000000000000cd4                ClearScreen
                0x0000000000000d3c                _PutAttb
                0x0000000000000d88                _PutCharAt
                0x0000000000000db4                _PutChar
                0x0000000000000e38                PutString
                0x0000000000000e70                PutUnsigned
                0x0000000000000ea8                FormatUnsigned
                0x0000000000000f38                Unsigned2Ascii
                0x0000000000000fbc                _Cell
 .text          0x0000000000001264       0xe0 /courses/TDDI11/sw/lib/elf/libepc.a(init8259.o)
                0x0000000000001264                Init8259
 .text          0x0000000000001344       0xb0 /courses/TDDI11/sw/lib/elf/libepc.a(init8253.o)
                0x0000000000001344                Init8253
 .text          0x00000000000013f4       0x70 /courses/TDDI11/sw/lib/elf/libepc.a(cycles.o)
                0x00000000000013f4                CPU_Clock_Cycles
 .text          0x0000000000001464       0x98 /courses/TDDI11/sw/lib/elf/libepc.a(checkcpu.o)
                0x0000000000001464                Check_CPU
 .text          0x00000000000014fc       0x60 /courses/TDDI11/sw/lib/elf/libepc.a(io.o)
                0x00000000000014fc                TimerTickISR
                0x0000000000001508                KeyboardISR
                0x0000000000001528                ISR_PIC1
                0x000000000000152f                ISR_PIC2
                0x0000000000001538                ___main
                0x0000000000001539                inportb
                0x0000000000001543                outportb
                0x0000000000001555                _exit
 .text          0x000000000000155c      0x570 /courses/TDDI11/sw/lib/elf/libepc.a(keyboard.o)
                0x000000000000155c                ScanCodeRdy
                0x0000000000001580                GetScanCode
                0x00000000000015b0                ScanCode2Ascii
                0x0000000000001770                SetsKybdState
                0x0000000000001960                Enqueue
 .text          0x0000000000001acc       0xff /courses/TDDI11/sw/i386-elf-gcc-7.3.0/lib/gcc/i386-elf/7.3.0/libgcc.a(_udivdi3.o)
                0x0000000000001acc                __udivdi3
                0x0000000000001bca                text_last = (. - 0x1)

.data           0x0000000000001be0      0x78e
                0x0000000000001be0                data_frst = .
 *(.data)
 .data          0x0000000000001be0       0xc0 main.o
                0x0000000000001be0                cases
 .data          0x0000000000001ca0        0x0 llmultiply.o
 .data          0x0000000000001ca0       0x20 /courses/TDDI11/sw/lib/elf/libepc.a(init-cpu.o)
                0x0000000000001cbe                code_selector
 .data          0x0000000000001cc0       0x90 /courses/TDDI11/sw/lib/elf/libepc.a(init-idt.o)
 .data          0x0000000000001d50       0x10 /courses/TDDI11/sw/lib/elf/libepc.a(init-crt.o)
 .data          0x0000000000001d60       0x30 /courses/TDDI11/sw/lib/elf/libepc.a(display.o)
 .data          0x0000000000001d90        0x0 /courses/TDDI11/sw/lib/elf/libepc.a(init8259.o)
 .data          0x0000000000001d90        0x0 /courses/TDDI11/sw/lib/elf/libepc.a(init8253.o)
 .data          0x0000000000001d90        0x4 /courses/TDDI11/sw/lib/elf/libepc.a(cycles.o)
 .data          0x0000000000001d94        0xc /courses/TDDI11/sw/lib/elf/libepc.a(io.o)
                0x0000000000001d94                msec
                0x0000000000001d98                old_tick_isr
                0x0000000000001d9c                old_kybd_isr
 .data          0x0000000000001da0      0x5a0 /courses/TDDI11/sw/lib/elf/libepc.a(keyboard.o)
 .data          0x0000000000002340        0x0 /courses/TDDI11/sw/i386-elf-gcc-7.3.0/lib/gcc/i386-elf/7.3.0/libgcc.a(_udivdi3.o)
 *(.rodata)
 .rodata        0x0000000000002340       0x2e main.o
 *(.rodata.str1.1)
 *(.rodata.str1.32)
                0x000000000000236d                data_last = (. - 0x1)

.bss            0x0000000000002370      0x83c
                0x0000000000002370                bss_frst = .
 *(.bss)
 .bss           0x0000000000002370        0x0 main.o
 .bss           0x0000000000002370      0x800 /courses/TDDI11/sw/lib/elf/libepc.a(init-idt.o)
 .bss           0x0000000000002b70        0x0 /courses/TDDI11/sw/lib/elf/libepc.a(init-crt.o)
 .bss           0x0000000000002b70        0x8 /courses/TDDI11/sw/lib/elf/libepc.a(display.o)
 .bss           0x0000000000002b78        0x0 /courses/TDDI11/sw/lib/elf/libepc.a(init8259.o)
 .bss           0x0000000000002b78        0x0 /courses/TDDI11/sw/lib/elf/libepc.a(init8253.o)
 .bss           0x0000000000002b78       0x34 /courses/TDDI11/sw/lib/elf/libepc.a(keyboard.o)
 .bss           0x0000000000002bac        0x0 /courses/TDDI11/sw/i386-elf-gcc-7.3.0/lib/gcc/i386-elf/7.3.0/libgcc.a(_udivdi3.o)
 *(COMMON)
                0x0000000000002bab                bss_last = (. - 0x1)

/DISCARD/
 *(.eh_frame)
                0x0000000000002bac                stack_frst = (bss_last + 0x1)
                0x000000000000abab                stack_last = (bss_last + 0x8000)
                0x000000000000abac                heap_frst = (stack_last + 0x1)
OUTPUT(embedded.bin binary)

.debug_info     0x0000000000000000      0xca5
 .debug_info    0x0000000000000000      0x276 main.o
 .debug_info    0x0000000000000276      0xa2f /courses/TDDI11/sw/i386-elf-gcc-7.3.0/lib/gcc/i386-elf/7.3.0/libgcc.a(_udivdi3.o)

.debug_abbrev   0x0000000000000000      0x312
 .debug_abbrev  0x0000000000000000      0x10d main.o
 .debug_abbrev  0x000000000000010d      0x205 /courses/TDDI11/sw/i386-elf-gcc-7.3.0/lib/gcc/i386-elf/7.3.0/libgcc.a(_udivdi3.o)

.debug_aranges  0x0000000000000000       0x40
 .debug_aranges
                0x0000000000000000       0x20 main.o
 .debug_aranges
                0x0000000000000020       0x20 /courses/TDDI11/sw/i386-elf-gcc-7.3.0/lib/gcc/i386-elf/7.3.0/libgcc.a(_udivdi3.o)

.debug_line     0x0000000000000000      0x231
 .debug_line    0x0000000000000000       0xfa main.o
 .debug_line    0x00000000000000fa      0x137 /courses/TDDI11/sw/i386-elf-gcc-7.3.0/lib/gcc/i386-elf/7.3.0/libgcc.a(_udivdi3.o)

.debug_str      0x0000000000000000      0xbf6
 .debug_str     0x0000000000000000      0x166 main.o
 .debug_str     0x0000000000000166      0xa90 /courses/TDDI11/sw/i386-elf-gcc-7.3.0/lib/gcc/i386-elf/7.3.0/libgcc.a(_udivdi3.o)

.comment        0x0000000000000000       0x24
 .comment       0x0000000000000000       0x12 main.o
 .comment       0x0000000000000012       0x12 /courses/TDDI11/sw/i386-elf-gcc-7.3.0/lib/gcc/i386-elf/7.3.0/libgcc.a(_udivdi3.o)

.debug_loc      0x0000000000000000      0x691
 .debug_loc     0x0000000000000000      0x691 /courses/TDDI11/sw/i386-elf-gcc-7.3.0/lib/gcc/i386-elf/7.3.0/libgcc.a(_udivdi3.o)

.debug_ranges   0x0000000000000000       0x28
 .debug_ranges  0x0000000000000000       0x28 /courses/TDDI11/sw/i386-elf-gcc-7.3.0/lib/gcc/i386-elf/7.3.0/libgcc.a(_udivdi3.o)
